[
  "/de/kalender/30781/peiden",
  "/de/kalender/31331/klassenstunde",
  "/de/kalender/30620/maggie-the-cat",
  "/de/kalender/30553/doktor-spielrein",
  "/de/kalender/30435/frau-yamamoto-ist-noch-da",
  "/de/kalender/30776/wir-haben-es-nicht-gut-gemacht",
  "/de/kalender/30548/koenig-lear",
  "/de/kalender/31446/poetry-slam-saisoneroeffnung",
  "/de/kalender/30571/louise",
  "/de/kalender/31346/kafkas-schreibtisch-der-schriftsteller-bei-der-arbeit",
  "/de/kalender/30543/die-verwandlung",
  "/de/kalender/31497/zko-im-pfauen-die-zauberfloete-fuer-kinder",
  "/de/kalender/31345/lass-uns-n-wunder-sein-saisoneroeffnung-im-pfauen",
  "/de/kalender/891/offene-buehne",
  "/de/kalender/27035/biedermann-und-die-brandstifter",
  "/de/kalender/30557/byebitch",
  "/de/kalender/25259/oeffentliche-fuehrung-schiffbau",
  "/de/kalender/31466/axel-hacke-liest-und-erzaehlt",
  "/de/kalender/30546/liebe-einfach-ausserirdisch",
  "/de/kalender/31833/michel-friedman-fremd"
]